V3 3
FL C:/Users/Felipe/Documents/Sistemas-Digitais/NEANDER/NEANDER/neander.vhd 2022/08/03.19:47:44 P.20131013
EN work/neander 1659566867 \
      FL C:/Users/Felipe/Documents/Sistemas-Digitais/NEANDER/NEANDER/neander.vhd \
      PB ieee/std_logic_1164 1381692176 PB ieee/NUMERIC_STD 1381692181
AR work/neander/Behavioral 1659566868 \
      FL C:/Users/Felipe/Documents/Sistemas-Digitais/NEANDER/NEANDER/neander.vhd \
      EN work/neander 1659566867
